// Jest Snapshot v1, https://goo.gl/fbAQLP

exports[`AppLoader should render 1`] = `null`;
