// Jest Snapshot v1, https://goo.gl/fbAQLP

exports[`AppToasts should render 1`] = `
<Modal
  animationType="none"
  deviceHeight={null}
  deviceWidth={null}
  hardwareAccelerated={false}
  hideModalContentWhileAnimating={false}
  onBackdropPress={[Function]}
  onModalHide={[Function]}
  onModalWillHide={[Function]}
  onModalWillShow={[Function]}
  onRequestClose={[Function]}
  panResponderThreshold={4}
  scrollHorizontal={false}
  scrollOffset={0}
  scrollOffsetMax={0}
  scrollTo={null}
  statusBarTranslucent={false}
  supportedOrientations={
    Array [
      "portrait",
      "landscape",
    ]
  }
  swipeThreshold={100}
  transparent={true}
  visible={true}
>
  <View
    accessible={true}
    focusable={true}
    forwardedRef={[Function]}
    onClick={[Function]}
    onResponderGrant={[Function]}
    onResponderMove={[Function]}
    onResponderRelease={[Function]}
    onResponderTerminate={[Function]}
    onResponderTerminationRequest={[Function]}
    onStartShouldSetResponder={[Function]}
    style={
      Object {
        "backgroundColor": "black",
        "bottom": 0,
        "height": 1334,
        "left": 0,
        "opacity": 0,
        "position": "absolute",
        "right": 0,
        "top": 0,
        "width": 750,
      }
    }
  />
  <View
    deviceHeight={null}
    deviceWidth={null}
    forwardedRef={[Function]}
    hideModalContentWhileAnimating={false}
    onBackdropPress={[Function]}
    onModalHide={[Function]}
    onModalWillHide={[Function]}
    onModalWillShow={[Function]}
    panResponderThreshold={4}
    pointerEvents="box-none"
    scrollHorizontal={false}
    scrollOffset={0}
    scrollOffsetMax={0}
    scrollTo={null}
    statusBarTranslucent={false}
    style={
      Object {
        "flex": 1,
        "justifyContent": "center",
        "margin": 37.5,
        "transform": Array [
          Object {
            "translateY": 1334,
          },
        ],
      }
    }
    supportedOrientations={
      Array [
        "portrait",
        "landscape",
      ]
    }
    swipeThreshold={100}
  >
    <View
      forwardedRef={[Function]}
      style={
        Object {
          "bottom": 0,
          "position": "absolute",
          "transform": Array [
            Object {
              "translateX": 750,
            },
          ],
          "width": "100%",
        }
      }
    >
      <View
        accessible={true}
        collapsable={false}
        focusable={true}
        nativeID="animatedComponent"
        onClick={[Function]}
        onResponderGrant={[Function]}
        onResponderMove={[Function]}
        onResponderRelease={[Function]}
        onResponderTerminate={[Function]}
        onResponderTerminationRequest={[Function]}
        onStartShouldSetResponder={[Function]}
        style={
          Object {
            "bottom": 0,
            "flex": 1,
            "opacity": 1,
            "position": "absolute",
            "width": "100%",
          }
        }
      >
        <View
          style={
            Array [
              Object {
                "backgroundColor": "#fff",
                "borderLeftColor": "green",
                "borderLeftWidth": 8,
                "borderRadius": 8,
                "elevation": 5,
                "margin": 20,
                "padding": 20,
                "shadowColor": "#181725",
                "shadowOffset": Object {
                  "height": 2,
                  "width": 0,
                },
                "shadowOpacity": 0.25,
                "shadowRadius": 3.84,
              },
              false,
            ]
          }
        >
          <View
            style={
              Object {
                "alignItems": "center",
                "flex": 1,
                "flexDirection": "row",
                "justifyContent": "space-between",
              }
            }
          >
            <Image
              resizeMode="contain"
              source={
                Object {
                  "testUri": "../../../src/assets/success-toasts.png",
                }
              }
              style={
                Object {
                  "height": 30,
                  "width": 30,
                }
              }
            />
            <Text
              style={
                Object {
                  "alignSelf": "center",
                  "flexWrap": "wrap",
                  "fontSize": 16,
                  "textAlign": "center",
                  "width": "60%",
                }
              }
            >
              Toast message
            </Text>
            <Image
              accessible={true}
              focusable={true}
              onClick={[Function]}
              onResponderGrant={[Function]}
              onResponderMove={[Function]}
              onResponderRelease={[Function]}
              onResponderTerminate={[Function]}
              onResponderTerminationRequest={[Function]}
              onStartShouldSetResponder={[Function]}
              resizeMode="contain"
              source={
                Object {
                  "testUri": "../../../src/assets/close-toasts.png",
                }
              }
              style={
                Object {
                  "height": 12,
                  "marginTop": 10,
                  "width": 12,
                }
              }
            />
          </View>
        </View>
      </View>
    </View>
  </View>
</Modal>
`;
