// Jest Snapshot v1, https://goo.gl/fbAQLP

exports[`SocialMediaButton should render 1`] = `
<View
  accessible={true}
  collapsable={false}
  focusable={true}
  nativeID="animatedComponent"
  onClick={[Function]}
  onResponderGrant={[Function]}
  onResponderMove={[Function]}
  onResponderRelease={[Function]}
  onResponderTerminate={[Function]}
  onResponderTerminationRequest={[Function]}
  onStartShouldSetResponder={[Function]}
  style={
    Object {
      "alignItems": "center",
      "backgroundColor": "#5383EC",
      "borderColor": "#5383EC",
      "borderRadius": 19,
      "borderWidth": 1,
      "flexDirection": "row",
      "justifyContent": "center",
      "opacity": 1,
      "padding": 15,
    }
  }
>
  <Image
    resizeMode="contain"
    source={
      Object {
        "testUri": "../../../src/assets/googleIcon/googleIcon.png",
      }
    }
    style={
      Object {
        "height": 20,
        "width": 20,
      }
    }
    testID="mediaImg"
  />
  <Text
    style={
      Object {
        "color": "#fff",
        "fontFamily": "Poppins-Regular",
        "fontSize": 18,
        "marginLeft": 20,
      }
    }
  >
    Continue with Google
  </Text>
</View>
`;
